Archive member included to satisfy reference by file (symbol)

d:/stm/stm32cubeide_1.6.1/stm32cubeide/plugins/com.st.stm32cube.ide.mcu.externaltools.gnu-tools-for-stm32.9-2020-q2-update.win32_1.5.0.202011040924/tools/bin/../lib/gcc/arm-none-eabi/9.3.1/../../../../arm-none-eabi/lib/thumb/v6-m/nofp\libc_nano.a(lib_a-errno.o)
                              Src/syscalls.o (__errno)
d:/stm/stm32cubeide_1.6.1/stm32cubeide/plugins/com.st.stm32cube.ide.mcu.externaltools.gnu-tools-for-stm32.9-2020-q2-update.win32_1.5.0.202011040924/tools/bin/../lib/gcc/arm-none-eabi/9.3.1/../../../../arm-none-eabi/lib/thumb/v6-m/nofp\libc_nano.a(lib_a-exit.o)
                              d:/stm/stm32cubeide_1.6.1/stm32cubeide/plugins/com.st.stm32cube.ide.mcu.externaltools.gnu-tools-for-stm32.9-2020-q2-update.win32_1.5.0.202011040924/tools/bin/../lib/gcc/arm-none-eabi/9.3.1/../../../../arm-none-eabi/lib/thumb/v6-m/nofp/crt0.o (exit)
d:/stm/stm32cubeide_1.6.1/stm32cubeide/plugins/com.st.stm32cube.ide.mcu.externaltools.gnu-tools-for-stm32.9-2020-q2-update.win32_1.5.0.202011040924/tools/bin/../lib/gcc/arm-none-eabi/9.3.1/../../../../arm-none-eabi/lib/thumb/v6-m/nofp\libc_nano.a(lib_a-impure.o)
                              d:/stm/stm32cubeide_1.6.1/stm32cubeide/plugins/com.st.stm32cube.ide.mcu.externaltools.gnu-tools-for-stm32.9-2020-q2-update.win32_1.5.0.202011040924/tools/bin/../lib/gcc/arm-none-eabi/9.3.1/../../../../arm-none-eabi/lib/thumb/v6-m/nofp\libc_nano.a(lib_a-exit.o) (_global_impure_ptr)
d:/stm/stm32cubeide_1.6.1/stm32cubeide/plugins/com.st.stm32cube.ide.mcu.externaltools.gnu-tools-for-stm32.9-2020-q2-update.win32_1.5.0.202011040924/tools/bin/../lib/gcc/arm-none-eabi/9.3.1/../../../../arm-none-eabi/lib/thumb/v6-m/nofp\libc_nano.a(lib_a-init.o)
                              d:/stm/stm32cubeide_1.6.1/stm32cubeide/plugins/com.st.stm32cube.ide.mcu.externaltools.gnu-tools-for-stm32.9-2020-q2-update.win32_1.5.0.202011040924/tools/bin/../lib/gcc/arm-none-eabi/9.3.1/../../../../arm-none-eabi/lib/thumb/v6-m/nofp/crt0.o (__libc_init_array)
d:/stm/stm32cubeide_1.6.1/stm32cubeide/plugins/com.st.stm32cube.ide.mcu.externaltools.gnu-tools-for-stm32.9-2020-q2-update.win32_1.5.0.202011040924/tools/bin/../lib/gcc/arm-none-eabi/9.3.1/../../../../arm-none-eabi/lib/thumb/v6-m/nofp\libc_nano.a(lib_a-memset.o)
                              d:/stm/stm32cubeide_1.6.1/stm32cubeide/plugins/com.st.stm32cube.ide.mcu.externaltools.gnu-tools-for-stm32.9-2020-q2-update.win32_1.5.0.202011040924/tools/bin/../lib/gcc/arm-none-eabi/9.3.1/../../../../arm-none-eabi/lib/thumb/v6-m/nofp/crt0.o (memset)

Discarded input sections

 .text          0x0000000000000000        0x0 d:/stm/stm32cubeide_1.6.1/stm32cubeide/plugins/com.st.stm32cube.ide.mcu.externaltools.gnu-tools-for-stm32.9-2020-q2-update.win32_1.5.0.202011040924/tools/bin/../lib/gcc/arm-none-eabi/9.3.1/thumb/v6-m/nofp/crti.o
 .data          0x0000000000000000        0x0 d:/stm/stm32cubeide_1.6.1/stm32cubeide/plugins/com.st.stm32cube.ide.mcu.externaltools.gnu-tools-for-stm32.9-2020-q2-update.win32_1.5.0.202011040924/tools/bin/../lib/gcc/arm-none-eabi/9.3.1/thumb/v6-m/nofp/crti.o
 .bss           0x0000000000000000        0x0 d:/stm/stm32cubeide_1.6.1/stm32cubeide/plugins/com.st.stm32cube.ide.mcu.externaltools.gnu-tools-for-stm32.9-2020-q2-update.win32_1.5.0.202011040924/tools/bin/../lib/gcc/arm-none-eabi/9.3.1/thumb/v6-m/nofp/crti.o
 .data          0x0000000000000000        0x4 d:/stm/stm32cubeide_1.6.1/stm32cubeide/plugins/com.st.stm32cube.ide.mcu.externaltools.gnu-tools-for-stm32.9-2020-q2-update.win32_1.5.0.202011040924/tools/bin/../lib/gcc/arm-none-eabi/9.3.1/thumb/v6-m/nofp/crtbegin.o
 .text          0x0000000000000000       0x80 d:/stm/stm32cubeide_1.6.1/stm32cubeide/plugins/com.st.stm32cube.ide.mcu.externaltools.gnu-tools-for-stm32.9-2020-q2-update.win32_1.5.0.202011040924/tools/bin/../lib/gcc/arm-none-eabi/9.3.1/../../../../arm-none-eabi/lib/thumb/v6-m/nofp/crt0.o
 .data          0x0000000000000000        0x0 d:/stm/stm32cubeide_1.6.1/stm32cubeide/plugins/com.st.stm32cube.ide.mcu.externaltools.gnu-tools-for-stm32.9-2020-q2-update.win32_1.5.0.202011040924/tools/bin/../lib/gcc/arm-none-eabi/9.3.1/../../../../arm-none-eabi/lib/thumb/v6-m/nofp/crt0.o
 .bss           0x0000000000000000        0x0 d:/stm/stm32cubeide_1.6.1/stm32cubeide/plugins/com.st.stm32cube.ide.mcu.externaltools.gnu-tools-for-stm32.9-2020-q2-update.win32_1.5.0.202011040924/tools/bin/../lib/gcc/arm-none-eabi/9.3.1/../../../../arm-none-eabi/lib/thumb/v6-m/nofp/crt0.o
 .ARM.extab     0x0000000000000000        0x0 d:/stm/stm32cubeide_1.6.1/stm32cubeide/plugins/com.st.stm32cube.ide.mcu.externaltools.gnu-tools-for-stm32.9-2020-q2-update.win32_1.5.0.202011040924/tools/bin/../lib/gcc/arm-none-eabi/9.3.1/../../../../arm-none-eabi/lib/thumb/v6-m/nofp/crt0.o
 .ARM.exidx     0x0000000000000000       0x10 d:/stm/stm32cubeide_1.6.1/stm32cubeide/plugins/com.st.stm32cube.ide.mcu.externaltools.gnu-tools-for-stm32.9-2020-q2-update.win32_1.5.0.202011040924/tools/bin/../lib/gcc/arm-none-eabi/9.3.1/../../../../arm-none-eabi/lib/thumb/v6-m/nofp/crt0.o
 .ARM.attributes
                0x0000000000000000       0x1b d:/stm/stm32cubeide_1.6.1/stm32cubeide/plugins/com.st.stm32cube.ide.mcu.externaltools.gnu-tools-for-stm32.9-2020-q2-update.win32_1.5.0.202011040924/tools/bin/../lib/gcc/arm-none-eabi/9.3.1/../../../../arm-none-eabi/lib/thumb/v6-m/nofp/crt0.o
 .group         0x0000000000000000        0xc Inc/Init.o
 .group         0x0000000000000000        0xc Inc/Init.o
 .group         0x0000000000000000        0xc Inc/Init.o
 .group         0x0000000000000000        0xc Inc/Init.o
 .group         0x0000000000000000        0xc Inc/Init.o
 .group         0x0000000000000000        0xc Inc/Init.o
 .group         0x0000000000000000        0xc Inc/Init.o
 .group         0x0000000000000000        0xc Inc/Init.o
 .group         0x0000000000000000        0xc Inc/Init.o
 .group         0x0000000000000000        0xc Inc/Init.o
 .group         0x0000000000000000        0xc Inc/Init.o
 .group         0x0000000000000000        0xc Inc/Init.o
 .group         0x0000000000000000        0xc Inc/Init.o
 .group         0x0000000000000000        0xc Inc/Init.o
 .group         0x0000000000000000        0xc Inc/Init.o
 .group         0x0000000000000000        0xc Inc/Init.o
 .text          0x0000000000000000        0x0 Inc/Init.o
 .data          0x0000000000000000        0x0 Inc/Init.o
 .bss           0x0000000000000000        0x0 Inc/Init.o
 .group         0x0000000000000000        0xc Inc/implementation.o
 .group         0x0000000000000000        0xc Inc/implementation.o
 .group         0x0000000000000000        0xc Inc/implementation.o
 .group         0x0000000000000000        0xc Inc/implementation.o
 .group         0x0000000000000000        0xc Inc/implementation.o
 .group         0x0000000000000000        0xc Inc/implementation.o
 .group         0x0000000000000000        0xc Inc/implementation.o
 .group         0x0000000000000000        0xc Inc/implementation.o
 .group         0x0000000000000000        0xc Inc/implementation.o
 .group         0x0000000000000000        0xc Inc/implementation.o
 .group         0x0000000000000000        0xc Inc/implementation.o
 .group         0x0000000000000000        0xc Inc/implementation.o
 .group         0x0000000000000000        0xc Inc/implementation.o
 .group         0x0000000000000000        0xc Inc/implementation.o
 .text          0x0000000000000000        0x0 Inc/implementation.o
 .data          0x0000000000000000        0x0 Inc/implementation.o
 .bss           0x0000000000000000        0x0 Inc/implementation.o
 .debug_macro   0x0000000000000000      0xa84 Inc/implementation.o
 .debug_macro   0x0000000000000000       0x22 Inc/implementation.o
 .debug_macro   0x0000000000000000       0x8e Inc/implementation.o
 .debug_macro   0x0000000000000000       0x51 Inc/implementation.o
 .debug_macro   0x0000000000000000      0x103 Inc/implementation.o
 .debug_macro   0x0000000000000000       0x6a Inc/implementation.o
 .debug_macro   0x0000000000000000      0x1df Inc/implementation.o
 .debug_macro   0x0000000000000000       0x28 Inc/implementation.o
 .debug_macro   0x0000000000000000       0x1c Inc/implementation.o
 .debug_macro   0x0000000000000000       0x22 Inc/implementation.o
 .debug_macro   0x0000000000000000       0xd7 Inc/implementation.o
 .debug_macro   0x0000000000000000      0x4da Inc/implementation.o
 .debug_macro   0x0000000000000000      0x11f Inc/implementation.o
 .debug_macro   0x0000000000000000     0xc4f2 Inc/implementation.o
 .group         0x0000000000000000        0xc Inc/nrf24l01p_impi.o
 .group         0x0000000000000000        0xc Inc/nrf24l01p_impi.o
 .group         0x0000000000000000        0xc Inc/nrf24l01p_impi.o
 .group         0x0000000000000000        0xc Inc/nrf24l01p_impi.o
 .group         0x0000000000000000        0xc Inc/nrf24l01p_impi.o
 .group         0x0000000000000000        0xc Inc/nrf24l01p_impi.o
 .group         0x0000000000000000        0xc Inc/nrf24l01p_impi.o
 .group         0x0000000000000000        0xc Inc/nrf24l01p_impi.o
 .group         0x0000000000000000        0xc Inc/nrf24l01p_impi.o
 .group         0x0000000000000000        0xc Inc/nrf24l01p_impi.o
 .group         0x0000000000000000        0xc Inc/nrf24l01p_impi.o
 .group         0x0000000000000000        0xc Inc/nrf24l01p_impi.o
 .group         0x0000000000000000        0xc Inc/nrf24l01p_impi.o
 .group         0x0000000000000000        0xc Inc/nrf24l01p_impi.o
 .group         0x0000000000000000        0xc Inc/nrf24l01p_impi.o
 .group         0x0000000000000000        0xc Inc/nrf24l01p_impi.o
 .text          0x0000000000000000        0x0 Inc/nrf24l01p_impi.o
 .data          0x0000000000000000        0x0 Inc/nrf24l01p_impi.o
 .bss           0x0000000000000000        0x0 Inc/nrf24l01p_impi.o
 .text.nrf24_tx_mode
                0x0000000000000000       0xac Inc/nrf24l01p_impi.o
 .text.nrf24_set_tx_address
                0x0000000000000000       0x9a Inc/nrf24l01p_impi.o
 .text.nrf24_enable_pipe2_5
                0x0000000000000000       0xf4 Inc/nrf24l01p_impi.o
 .text.nrf24_send_message
                0x0000000000000000      0x104 Inc/nrf24l01p_impi.o
 .text.nrf24_enable_interrupts
                0x0000000000000000       0xc8 Inc/nrf24l01p_impi.o
 .text.nrf24_get_interrupts_status
                0x0000000000000000       0x40 Inc/nrf24l01p_impi.o
 .text.nrf24_update_retransmission_params
                0x0000000000000000       0x64 Inc/nrf24l01p_impi.o
 .debug_macro   0x0000000000000000      0xa84 Inc/nrf24l01p_impi.o
 .debug_macro   0x0000000000000000       0x22 Inc/nrf24l01p_impi.o
 .debug_macro   0x0000000000000000       0x8e Inc/nrf24l01p_impi.o
 .debug_macro   0x0000000000000000       0x51 Inc/nrf24l01p_impi.o
 .debug_macro   0x0000000000000000      0x103 Inc/nrf24l01p_impi.o
 .debug_macro   0x0000000000000000       0x6a Inc/nrf24l01p_impi.o
 .debug_macro   0x0000000000000000      0x1df Inc/nrf24l01p_impi.o
 .debug_macro   0x0000000000000000       0x28 Inc/nrf24l01p_impi.o
 .debug_macro   0x0000000000000000       0x1c Inc/nrf24l01p_impi.o
 .debug_macro   0x0000000000000000       0x22 Inc/nrf24l01p_impi.o
 .debug_macro   0x0000000000000000       0xd7 Inc/nrf24l01p_impi.o
 .debug_macro   0x0000000000000000      0x4da Inc/nrf24l01p_impi.o
 .debug_macro   0x0000000000000000      0x11f Inc/nrf24l01p_impi.o
 .debug_macro   0x0000000000000000     0xc4f2 Inc/nrf24l01p_impi.o
 .debug_macro   0x0000000000000000      0x130 Inc/nrf24l01p_impi.o
 .debug_macro   0x0000000000000000       0x58 Inc/nrf24l01p_impi.o
 .group         0x0000000000000000        0xc Src/main.o
 .group         0x0000000000000000        0xc Src/main.o
 .group         0x0000000000000000        0xc Src/main.o
 .group         0x0000000000000000        0xc Src/main.o
 .group         0x0000000000000000        0xc Src/main.o
 .group         0x0000000000000000        0xc Src/main.o
 .group         0x0000000000000000        0xc Src/main.o
 .group         0x0000000000000000        0xc Src/main.o
 .group         0x0000000000000000        0xc Src/main.o
 .group         0x0000000000000000        0xc Src/main.o
 .group         0x0000000000000000        0xc Src/main.o
 .group         0x0000000000000000        0xc Src/main.o
 .group         0x0000000000000000        0xc Src/main.o
 .group         0x0000000000000000        0xc Src/main.o
 .group         0x0000000000000000        0xc Src/main.o
 .group         0x0000000000000000        0xc Src/main.o
 .text          0x0000000000000000        0x0 Src/main.o
 .data          0x0000000000000000        0x0 Src/main.o
 .bss           0x0000000000000000        0x0 Src/main.o
 .data.pip3_address
                0x0000000000000000        0x1 Src/main.o
 .data.pip5_address
                0x0000000000000000        0x1 Src/main.o
 .debug_macro   0x0000000000000000      0xa84 Src/main.o
 .debug_macro   0x0000000000000000       0x22 Src/main.o
 .debug_macro   0x0000000000000000       0x8e Src/main.o
 .debug_macro   0x0000000000000000       0x51 Src/main.o
 .debug_macro   0x0000000000000000      0x103 Src/main.o
 .debug_macro   0x0000000000000000       0x6a Src/main.o
 .debug_macro   0x0000000000000000      0x1df Src/main.o
 .debug_macro   0x0000000000000000       0x28 Src/main.o
 .debug_macro   0x0000000000000000       0x1c Src/main.o
 .debug_macro   0x0000000000000000       0x22 Src/main.o
 .debug_macro   0x0000000000000000       0xd7 Src/main.o
 .debug_macro   0x0000000000000000      0x4da Src/main.o
 .debug_macro   0x0000000000000000      0x11f Src/main.o
 .debug_macro   0x0000000000000000     0xc4f2 Src/main.o
 .debug_macro   0x0000000000000000      0x130 Src/main.o
 .debug_macro   0x0000000000000000       0x58 Src/main.o
 .group         0x0000000000000000        0xc Src/syscalls.o
 .group         0x0000000000000000        0xc Src/syscalls.o
 .group         0x0000000000000000        0xc Src/syscalls.o
 .group         0x0000000000000000        0xc Src/syscalls.o
 .group         0x0000000000000000        0xc Src/syscalls.o
 .group         0x0000000000000000        0xc Src/syscalls.o
 .group         0x0000000000000000        0xc Src/syscalls.o
 .group         0x0000000000000000        0xc Src/syscalls.o
 .group         0x0000000000000000        0xc Src/syscalls.o
 .group         0x0000000000000000        0xc Src/syscalls.o
 .group         0x0000000000000000        0xc Src/syscalls.o
 .group         0x0000000000000000        0xc Src/syscalls.o
 .group         0x0000000000000000        0xc Src/syscalls.o
 .group         0x0000000000000000        0xc Src/syscalls.o
 .group         0x0000000000000000        0xc Src/syscalls.o
 .group         0x0000000000000000        0xc Src/syscalls.o
 .group         0x0000000000000000        0xc Src/syscalls.o
 .group         0x0000000000000000        0xc Src/syscalls.o
 .group         0x0000000000000000        0xc Src/syscalls.o
 .group         0x0000000000000000        0xc Src/syscalls.o
 .group         0x0000000000000000        0xc Src/syscalls.o
 .group         0x0000000000000000        0xc Src/syscalls.o
 .group         0x0000000000000000        0xc Src/syscalls.o
 .group         0x0000000000000000        0xc Src/syscalls.o
 .group         0x0000000000000000        0xc Src/syscalls.o
 .group         0x0000000000000000        0xc Src/syscalls.o
 .group         0x0000000000000000        0xc Src/syscalls.o
 .group         0x0000000000000000        0xc Src/syscalls.o
 .group         0x0000000000000000        0xc Src/syscalls.o
 .group         0x0000000000000000        0xc Src/syscalls.o
 .group         0x0000000000000000        0xc Src/syscalls.o
 .group         0x0000000000000000        0xc Src/syscalls.o
 .group         0x0000000000000000        0xc Src/syscalls.o
 .group         0x0000000000000000        0xc Src/syscalls.o
 .group         0x0000000000000000        0xc Src/syscalls.o
 .group         0x0000000000000000        0xc Src/syscalls.o
 .group         0x0000000000000000        0xc Src/syscalls.o
 .group         0x0000000000000000        0xc Src/syscalls.o
 .group         0x0000000000000000        0xc Src/syscalls.o
 .group         0x0000000000000000        0xc Src/syscalls.o
 .group         0x0000000000000000        0xc Src/syscalls.o
 .group         0x0000000000000000        0xc Src/syscalls.o
 .group         0x0000000000000000        0xc Src/syscalls.o
 .group         0x0000000000000000        0xc Src/syscalls.o
 .group         0x0000000000000000        0xc Src/syscalls.o
 .group         0x0000000000000000        0xc Src/syscalls.o
 .group         0x0000000000000000        0xc Src/syscalls.o
 .text          0x0000000000000000        0x0 Src/syscalls.o
 .data          0x0000000000000000        0x0 Src/syscalls.o
 .bss           0x0000000000000000        0x0 Src/syscalls.o
 .bss.__env     0x0000000000000000        0x4 Src/syscalls.o
 .data.environ  0x0000000000000000        0x4 Src/syscalls.o
 .text.initialise_monitor_handles
                0x0000000000000000        0xa Src/syscalls.o
 .text._getpid  0x0000000000000000        0xc Src/syscalls.o
 .text._kill    0x0000000000000000       0x20 Src/syscalls.o
 .text._exit    0x0000000000000000       0x18 Src/syscalls.o
 .text._read    0x0000000000000000       0x3a Src/syscalls.o
 .text._write   0x0000000000000000       0x38 Src/syscalls.o
 .text._close   0x0000000000000000       0x14 Src/syscalls.o
 .text._fstat   0x0000000000000000       0x1c Src/syscalls.o
 .text._isatty  0x0000000000000000       0x12 Src/syscalls.o
 .text._lseek   0x0000000000000000       0x16 Src/syscalls.o
 .text._open    0x0000000000000000       0x1c Src/syscalls.o
 .text._wait    0x0000000000000000       0x1e Src/syscalls.o
 .text._unlink  0x0000000000000000       0x1e Src/syscalls.o
 .text._times   0x0000000000000000       0x14 Src/syscalls.o
 .text._stat    0x0000000000000000       0x1c Src/syscalls.o
 .text._link    0x0000000000000000       0x20 Src/syscalls.o
 .text._fork    0x0000000000000000       0x18 Src/syscalls.o
 .text._execve  0x0000000000000000       0x22 Src/syscalls.o
 .debug_info    0x0000000000000000      0xfa8 Src/syscalls.o
 .debug_abbrev  0x0000000000000000      0x286 Src/syscalls.o
 .debug_aranges
                0x0000000000000000       0xa8 Src/syscalls.o
 .debug_ranges  0x0000000000000000       0x98 Src/syscalls.o
 .debug_macro   0x0000000000000000      0x24c Src/syscalls.o
 .debug_macro   0x0000000000000000      0xa84 Src/syscalls.o
 .debug_macro   0x0000000000000000       0x22 Src/syscalls.o
 .debug_macro   0x0000000000000000       0x4c Src/syscalls.o
 .debug_macro   0x0000000000000000       0x18 Src/syscalls.o
 .debug_macro   0x0000000000000000       0x94 Src/syscalls.o
 .debug_macro   0x0000000000000000       0x3c Src/syscalls.o
 .debug_macro   0x0000000000000000       0x34 Src/syscalls.o
 .debug_macro   0x0000000000000000       0x57 Src/syscalls.o
 .debug_macro   0x0000000000000000      0x174 Src/syscalls.o
 .debug_macro   0x0000000000000000      0x339 Src/syscalls.o
 .debug_macro   0x0000000000000000       0x16 Src/syscalls.o
 .debug_macro   0x0000000000000000       0x43 Src/syscalls.o
 .debug_macro   0x0000000000000000       0x34 Src/syscalls.o
 .debug_macro   0x0000000000000000       0x10 Src/syscalls.o
 .debug_macro   0x0000000000000000       0x58 Src/syscalls.o
 .debug_macro   0x0000000000000000       0x71 Src/syscalls.o
 .debug_macro   0x0000000000000000       0x1c Src/syscalls.o
 .debug_macro   0x0000000000000000      0x12a Src/syscalls.o
 .debug_macro   0x0000000000000000       0x10 Src/syscalls.o
 .debug_macro   0x0000000000000000       0x35 Src/syscalls.o
 .debug_macro   0x0000000000000000       0x10 Src/syscalls.o
 .debug_macro   0x0000000000000000       0x10 Src/syscalls.o
 .debug_macro   0x0000000000000000       0x10 Src/syscalls.o
 .debug_macro   0x0000000000000000       0x6a Src/syscalls.o
 .debug_macro   0x0000000000000000       0x1c Src/syscalls.o
 .debug_macro   0x0000000000000000       0x52 Src/syscalls.o
 .debug_macro   0x0000000000000000       0x22 Src/syscalls.o
 .debug_macro   0x0000000000000000       0x10 Src/syscalls.o
 .debug_macro   0x0000000000000000       0x40 Src/syscalls.o
 .debug_macro   0x0000000000000000       0xd5 Src/syscalls.o
 .debug_macro   0x0000000000000000       0x1c Src/syscalls.o
 .debug_macro   0x0000000000000000       0x3d Src/syscalls.o
 .debug_macro   0x0000000000000000       0x35 Src/syscalls.o
 .debug_macro   0x0000000000000000      0x12c Src/syscalls.o
 .debug_macro   0x0000000000000000       0x16 Src/syscalls.o
 .debug_macro   0x0000000000000000       0x16 Src/syscalls.o
 .debug_macro   0x0000000000000000       0x29 Src/syscalls.o
 .debug_macro   0x0000000000000000       0x10 Src/syscalls.o
 .debug_macro   0x0000000000000000      0x241 Src/syscalls.o
 .debug_macro   0x0000000000000000       0x1c Src/syscalls.o
 .debug_macro   0x0000000000000000       0x10 Src/syscalls.o
 .debug_macro   0x0000000000000000       0x10 Src/syscalls.o
 .debug_macro   0x0000000000000000       0x16 Src/syscalls.o
 .debug_macro   0x0000000000000000      0x145 Src/syscalls.o
 .debug_macro   0x0000000000000000      0x189 Src/syscalls.o
 .debug_macro   0x0000000000000000       0x16 Src/syscalls.o
 .debug_macro   0x0000000000000000       0xce Src/syscalls.o
 .debug_line    0x0000000000000000      0x802 Src/syscalls.o
 .debug_str     0x0000000000000000     0x8db7 Src/syscalls.o
 .comment       0x0000000000000000       0x54 Src/syscalls.o
 .debug_frame   0x0000000000000000      0x244 Src/syscalls.o
 .ARM.attributes
                0x0000000000000000       0x2c Src/syscalls.o
 .group         0x0000000000000000        0xc Src/sysmem.o
 .group         0x0000000000000000        0xc Src/sysmem.o
 .group         0x0000000000000000        0xc Src/sysmem.o
 .group         0x0000000000000000        0xc Src/sysmem.o
 .group         0x0000000000000000        0xc Src/sysmem.o
 .group         0x0000000000000000        0xc Src/sysmem.o
 .group         0x0000000000000000        0xc Src/sysmem.o
 .group         0x0000000000000000        0xc Src/sysmem.o
 .group         0x0000000000000000        0xc Src/sysmem.o
 .group         0x0000000000000000        0xc Src/sysmem.o
 .group         0x0000000000000000        0xc Src/sysmem.o
 .group         0x0000000000000000        0xc Src/sysmem.o
 .group         0x0000000000000000        0xc Src/sysmem.o
 .group         0x0000000000000000        0xc Src/sysmem.o
 .group         0x0000000000000000        0xc Src/sysmem.o
 .group         0x0000000000000000        0xc Src/sysmem.o
 .group         0x0000000000000000        0xc Src/sysmem.o
 .group         0x0000000000000000        0xc Src/sysmem.o
 .group         0x0000000000000000        0xc Src/sysmem.o
 .group         0x0000000000000000        0xc Src/sysmem.o
 .group         0x0000000000000000        0xc Src/sysmem.o
 .group         0x0000000000000000        0xc Src/sysmem.o
 .text          0x0000000000000000        0x0 Src/sysmem.o
 .data          0x0000000000000000        0x0 Src/sysmem.o
 .bss           0x0000000000000000        0x0 Src/sysmem.o
 .bss.__sbrk_heap_end
                0x0000000000000000        0x4 Src/sysmem.o
 .text._sbrk    0x0000000000000000       0x6c Src/sysmem.o
 .debug_info    0x0000000000000000      0xa25 Src/sysmem.o
 .debug_abbrev  0x0000000000000000      0x1bf Src/sysmem.o
 .debug_aranges
                0x0000000000000000       0x20 Src/sysmem.o
 .debug_ranges  0x0000000000000000       0x10 Src/sysmem.o
 .debug_macro   0x0000000000000000       0xff Src/sysmem.o
 .debug_macro   0x0000000000000000      0xa84 Src/sysmem.o
 .debug_macro   0x0000000000000000       0x10 Src/sysmem.o
 .debug_macro   0x0000000000000000       0x22 Src/sysmem.o
 .debug_macro   0x0000000000000000       0x4c Src/sysmem.o
 .debug_macro   0x0000000000000000       0x18 Src/sysmem.o
 .debug_macro   0x0000000000000000       0x94 Src/sysmem.o
 .debug_macro   0x0000000000000000       0x3c Src/sysmem.o
 .debug_macro   0x0000000000000000       0x34 Src/sysmem.o
 .debug_macro   0x0000000000000000      0x174 Src/sysmem.o
 .debug_macro   0x0000000000000000       0x16 Src/sysmem.o
 .debug_macro   0x0000000000000000       0x43 Src/sysmem.o
 .debug_macro   0x0000000000000000       0x57 Src/sysmem.o
 .debug_macro   0x0000000000000000       0x34 Src/sysmem.o
 .debug_macro   0x0000000000000000       0x10 Src/sysmem.o
 .debug_macro   0x0000000000000000       0x58 Src/sysmem.o
 .debug_macro   0x0000000000000000       0x71 Src/sysmem.o
 .debug_macro   0x0000000000000000       0x1c Src/sysmem.o
 .debug_macro   0x0000000000000000      0x12a Src/sysmem.o
 .debug_macro   0x0000000000000000      0x23b Src/sysmem.o
 .debug_macro   0x0000000000000000      0x103 Src/sysmem.o
 .debug_macro   0x0000000000000000       0x6a Src/sysmem.o
 .debug_macro   0x0000000000000000      0x1df Src/sysmem.o
 .debug_line    0x0000000000000000      0x4f8 Src/sysmem.o
 .debug_str     0x0000000000000000     0x618a Src/sysmem.o
 .comment       0x0000000000000000       0x54 Src/sysmem.o
 .debug_frame   0x0000000000000000       0x30 Src/sysmem.o
 .ARM.attributes
                0x0000000000000000       0x2c Src/sysmem.o
 .text          0x0000000000000000       0x14 Startup/startup_stm32g071cbux.o
 .data          0x0000000000000000        0x0 Startup/startup_stm32g071cbux.o
 .bss           0x0000000000000000        0x0 Startup/startup_stm32g071cbux.o
 .text          0x0000000000000000        0x0 d:/stm/stm32cubeide_1.6.1/stm32cubeide/plugins/com.st.stm32cube.ide.mcu.externaltools.gnu-tools-for-stm32.9-2020-q2-update.win32_1.5.0.202011040924/tools/bin/../lib/gcc/arm-none-eabi/9.3.1/../../../../arm-none-eabi/lib/thumb/v6-m/nofp\libc_nano.a(lib_a-errno.o)
 .data          0x0000000000000000        0x0 d:/stm/stm32cubeide_1.6.1/stm32cubeide/plugins/com.st.stm32cube.ide.mcu.externaltools.gnu-tools-for-stm32.9-2020-q2-update.win32_1.5.0.202011040924/tools/bin/../lib/gcc/arm-none-eabi/9.3.1/../../../../arm-none-eabi/lib/thumb/v6-m/nofp\libc_nano.a(lib_a-errno.o)
 .bss           0x0000000000000000        0x0 d:/stm/stm32cubeide_1.6.1/stm32cubeide/plugins/com.st.stm32cube.ide.mcu.externaltools.gnu-tools-for-stm32.9-2020-q2-update.win32_1.5.0.202011040924/tools/bin/../lib/gcc/arm-none-eabi/9.3.1/../../../../arm-none-eabi/lib/thumb/v6-m/nofp\libc_nano.a(lib_a-errno.o)
 .text.__errno  0x0000000000000000        0xc d:/stm/stm32cubeide_1.6.1/stm32cubeide/plugins/com.st.stm32cube.ide.mcu.externaltools.gnu-tools-for-stm32.9-2020-q2-update.win32_1.5.0.202011040924/tools/bin/../lib/gcc/arm-none-eabi/9.3.1/../../../../arm-none-eabi/lib/thumb/v6-m/nofp\libc_nano.a(lib_a-errno.o)
 .debug_frame   0x0000000000000000       0x20 d:/stm/stm32cubeide_1.6.1/stm32cubeide/plugins/com.st.stm32cube.ide.mcu.externaltools.gnu-tools-for-stm32.9-2020-q2-update.win32_1.5.0.202011040924/tools/bin/../lib/gcc/arm-none-eabi/9.3.1/../../../../arm-none-eabi/lib/thumb/v6-m/nofp\libc_nano.a(lib_a-errno.o)
 .ARM.attributes
                0x0000000000000000       0x2c d:/stm/stm32cubeide_1.6.1/stm32cubeide/plugins/com.st.stm32cube.ide.mcu.externaltools.gnu-tools-for-stm32.9-2020-q2-update.win32_1.5.0.202011040924/tools/bin/../lib/gcc/arm-none-eabi/9.3.1/../../../../arm-none-eabi/lib/thumb/v6-m/nofp\libc_nano.a(lib_a-errno.o)
 .text          0x0000000000000000        0x0 d:/stm/stm32cubeide_1.6.1/stm32cubeide/plugins/com.st.stm32cube.ide.mcu.externaltools.gnu-tools-for-stm32.9-2020-q2-update.win32_1.5.0.202011040924/tools/bin/../lib/gcc/arm-none-eabi/9.3.1/../../../../arm-none-eabi/lib/thumb/v6-m/nofp\libc_nano.a(lib_a-exit.o)
 .data          0x0000000000000000        0x0 d:/stm/stm32cubeide_1.6.1/stm32cubeide/plugins/com.st.stm32cube.ide.mcu.externaltools.gnu-tools-for-stm32.9-2020-q2-update.win32_1.5.0.202011040924/tools/bin/../lib/gcc/arm-none-eabi/9.3.1/../../../../arm-none-eabi/lib/thumb/v6-m/nofp\libc_nano.a(lib_a-exit.o)
 .bss           0x0000000000000000        0x0 d:/stm/stm32cubeide_1.6.1/stm32cubeide/plugins/com.st.stm32cube.ide.mcu.externaltools.gnu-tools-for-stm32.9-2020-q2-update.win32_1.5.0.202011040924/tools/bin/../lib/gcc/arm-none-eabi/9.3.1/../../../../arm-none-eabi/lib/thumb/v6-m/nofp\libc_nano.a(lib_a-exit.o)
 .text.exit     0x0000000000000000       0x2c d:/stm/stm32cubeide_1.6.1/stm32cubeide/plugins/com.st.stm32cube.ide.mcu.externaltools.gnu-tools-for-stm32.9-2020-q2-update.win32_1.5.0.202011040924/tools/bin/../lib/gcc/arm-none-eabi/9.3.1/../../../../arm-none-eabi/lib/thumb/v6-m/nofp\libc_nano.a(lib_a-exit.o)
 .debug_frame   0x0000000000000000       0x28 d:/stm/stm32cubeide_1.6.1/stm32cubeide/plugins/com.st.stm32cube.ide.mcu.externaltools.gnu-tools-for-stm32.9-2020-q2-update.win32_1.5.0.202011040924/tools/bin/../lib/gcc/arm-none-eabi/9.3.1/../../../../arm-none-eabi/lib/thumb/v6-m/nofp\libc_nano.a(lib_a-exit.o)
 .ARM.attributes
                0x0000000000000000       0x2c d:/stm/stm32cubeide_1.6.1/stm32cubeide/plugins/com.st.stm32cube.ide.mcu.externaltools.gnu-tools-for-stm32.9-2020-q2-update.win32_1.5.0.202011040924/tools/bin/../lib/gcc/arm-none-eabi/9.3.1/../../../../arm-none-eabi/lib/thumb/v6-m/nofp\libc_nano.a(lib_a-exit.o)
 .text          0x0000000000000000        0x0 d:/stm/stm32cubeide_1.6.1/stm32cubeide/plugins/com.st.stm32cube.ide.mcu.externaltools.gnu-tools-for-stm32.9-2020-q2-update.win32_1.5.0.202011040924/tools/bin/../lib/gcc/arm-none-eabi/9.3.1/../../../../arm-none-eabi/lib/thumb/v6-m/nofp\libc_nano.a(lib_a-impure.o)
 .data          0x0000000000000000        0x0 d:/stm/stm32cubeide_1.6.1/stm32cubeide/plugins/com.st.stm32cube.ide.mcu.externaltools.gnu-tools-for-stm32.9-2020-q2-update.win32_1.5.0.202011040924/tools/bin/../lib/gcc/arm-none-eabi/9.3.1/../../../../arm-none-eabi/lib/thumb/v6-m/nofp\libc_nano.a(lib_a-impure.o)
 .bss           0x0000000000000000        0x0 d:/stm/stm32cubeide_1.6.1/stm32cubeide/plugins/com.st.stm32cube.ide.mcu.externaltools.gnu-tools-for-stm32.9-2020-q2-update.win32_1.5.0.202011040924/tools/bin/../lib/gcc/arm-none-eabi/9.3.1/../../../../arm-none-eabi/lib/thumb/v6-m/nofp\libc_nano.a(lib_a-impure.o)
 .data._impure_ptr
                0x0000000000000000        0x4 d:/stm/stm32cubeide_1.6.1/stm32cubeide/plugins/com.st.stm32cube.ide.mcu.externaltools.gnu-tools-for-stm32.9-2020-q2-update.win32_1.5.0.202011040924/tools/bin/../lib/gcc/arm-none-eabi/9.3.1/../../../../arm-none-eabi/lib/thumb/v6-m/nofp\libc_nano.a(lib_a-impure.o)
 .data.impure_data
                0x0000000000000000       0x60 d:/stm/stm32cubeide_1.6.1/stm32cubeide/plugins/com.st.stm32cube.ide.mcu.externaltools.gnu-tools-for-stm32.9-2020-q2-update.win32_1.5.0.202011040924/tools/bin/../lib/gcc/arm-none-eabi/9.3.1/../../../../arm-none-eabi/lib/thumb/v6-m/nofp\libc_nano.a(lib_a-impure.o)
 .rodata._global_impure_ptr
                0x0000000000000000        0x4 d:/stm/stm32cubeide_1.6.1/stm32cubeide/plugins/com.st.stm32cube.ide.mcu.externaltools.gnu-tools-for-stm32.9-2020-q2-update.win32_1.5.0.202011040924/tools/bin/../lib/gcc/arm-none-eabi/9.3.1/../../../../arm-none-eabi/lib/thumb/v6-m/nofp\libc_nano.a(lib_a-impure.o)
 .ARM.attributes
                0x0000000000000000       0x2c d:/stm/stm32cubeide_1.6.1/stm32cubeide/plugins/com.st.stm32cube.ide.mcu.externaltools.gnu-tools-for-stm32.9-2020-q2-update.win32_1.5.0.202011040924/tools/bin/../lib/gcc/arm-none-eabi/9.3.1/../../../../arm-none-eabi/lib/thumb/v6-m/nofp\libc_nano.a(lib_a-impure.o)
 .text          0x0000000000000000        0x0 d:/stm/stm32cubeide_1.6.1/stm32cubeide/plugins/com.st.stm32cube.ide.mcu.externaltools.gnu-tools-for-stm32.9-2020-q2-update.win32_1.5.0.202011040924/tools/bin/../lib/gcc/arm-none-eabi/9.3.1/../../../../arm-none-eabi/lib/thumb/v6-m/nofp\libc_nano.a(lib_a-init.o)
 .data          0x0000000000000000        0x0 d:/stm/stm32cubeide_1.6.1/stm32cubeide/plugins/com.st.stm32cube.ide.mcu.externaltools.gnu-tools-for-stm32.9-2020-q2-update.win32_1.5.0.202011040924/tools/bin/../lib/gcc/arm-none-eabi/9.3.1/../../../../arm-none-eabi/lib/thumb/v6-m/nofp\libc_nano.a(lib_a-init.o)
 .bss           0x0000000000000000        0x0 d:/stm/stm32cubeide_1.6.1/stm32cubeide/plugins/com.st.stm32cube.ide.mcu.externaltools.gnu-tools-for-stm32.9-2020-q2-update.win32_1.5.0.202011040924/tools/bin/../lib/gcc/arm-none-eabi/9.3.1/../../../../arm-none-eabi/lib/thumb/v6-m/nofp\libc_nano.a(lib_a-init.o)
 .text          0x0000000000000000        0x0 d:/stm/stm32cubeide_1.6.1/stm32cubeide/plugins/com.st.stm32cube.ide.mcu.externaltools.gnu-tools-for-stm32.9-2020-q2-update.win32_1.5.0.202011040924/tools/bin/../lib/gcc/arm-none-eabi/9.3.1/../../../../arm-none-eabi/lib/thumb/v6-m/nofp\libc_nano.a(lib_a-memset.o)
 .data          0x0000000000000000        0x0 d:/stm/stm32cubeide_1.6.1/stm32cubeide/plugins/com.st.stm32cube.ide.mcu.externaltools.gnu-tools-for-stm32.9-2020-q2-update.win32_1.5.0.202011040924/tools/bin/../lib/gcc/arm-none-eabi/9.3.1/../../../../arm-none-eabi/lib/thumb/v6-m/nofp\libc_nano.a(lib_a-memset.o)
 .bss           0x0000000000000000        0x0 d:/stm/stm32cubeide_1.6.1/stm32cubeide/plugins/com.st.stm32cube.ide.mcu.externaltools.gnu-tools-for-stm32.9-2020-q2-update.win32_1.5.0.202011040924/tools/bin/../lib/gcc/arm-none-eabi/9.3.1/../../../../arm-none-eabi/lib/thumb/v6-m/nofp\libc_nano.a(lib_a-memset.o)
 .text.memset   0x0000000000000000       0x10 d:/stm/stm32cubeide_1.6.1/stm32cubeide/plugins/com.st.stm32cube.ide.mcu.externaltools.gnu-tools-for-stm32.9-2020-q2-update.win32_1.5.0.202011040924/tools/bin/../lib/gcc/arm-none-eabi/9.3.1/../../../../arm-none-eabi/lib/thumb/v6-m/nofp\libc_nano.a(lib_a-memset.o)
 .debug_frame   0x0000000000000000       0x20 d:/stm/stm32cubeide_1.6.1/stm32cubeide/plugins/com.st.stm32cube.ide.mcu.externaltools.gnu-tools-for-stm32.9-2020-q2-update.win32_1.5.0.202011040924/tools/bin/../lib/gcc/arm-none-eabi/9.3.1/../../../../arm-none-eabi/lib/thumb/v6-m/nofp\libc_nano.a(lib_a-memset.o)
 .ARM.attributes
                0x0000000000000000       0x2c d:/stm/stm32cubeide_1.6.1/stm32cubeide/plugins/com.st.stm32cube.ide.mcu.externaltools.gnu-tools-for-stm32.9-2020-q2-update.win32_1.5.0.202011040924/tools/bin/../lib/gcc/arm-none-eabi/9.3.1/../../../../arm-none-eabi/lib/thumb/v6-m/nofp\libc_nano.a(lib_a-memset.o)
 .text          0x0000000000000000        0x0 d:/stm/stm32cubeide_1.6.1/stm32cubeide/plugins/com.st.stm32cube.ide.mcu.externaltools.gnu-tools-for-stm32.9-2020-q2-update.win32_1.5.0.202011040924/tools/bin/../lib/gcc/arm-none-eabi/9.3.1/thumb/v6-m/nofp/crtend.o
 .data          0x0000000000000000        0x0 d:/stm/stm32cubeide_1.6.1/stm32cubeide/plugins/com.st.stm32cube.ide.mcu.externaltools.gnu-tools-for-stm32.9-2020-q2-update.win32_1.5.0.202011040924/tools/bin/../lib/gcc/arm-none-eabi/9.3.1/thumb/v6-m/nofp/crtend.o
 .bss           0x0000000000000000        0x0 d:/stm/stm32cubeide_1.6.1/stm32cubeide/plugins/com.st.stm32cube.ide.mcu.externaltools.gnu-tools-for-stm32.9-2020-q2-update.win32_1.5.0.202011040924/tools/bin/../lib/gcc/arm-none-eabi/9.3.1/thumb/v6-m/nofp/crtend.o
 .eh_frame      0x0000000000000000        0x4 d:/stm/stm32cubeide_1.6.1/stm32cubeide/plugins/com.st.stm32cube.ide.mcu.externaltools.gnu-tools-for-stm32.9-2020-q2-update.win32_1.5.0.202011040924/tools/bin/../lib/gcc/arm-none-eabi/9.3.1/thumb/v6-m/nofp/crtend.o
 .ARM.attributes
                0x0000000000000000       0x2c d:/stm/stm32cubeide_1.6.1/stm32cubeide/plugins/com.st.stm32cube.ide.mcu.externaltools.gnu-tools-for-stm32.9-2020-q2-update.win32_1.5.0.202011040924/tools/bin/../lib/gcc/arm-none-eabi/9.3.1/thumb/v6-m/nofp/crtend.o
 .text          0x0000000000000000        0x0 d:/stm/stm32cubeide_1.6.1/stm32cubeide/plugins/com.st.stm32cube.ide.mcu.externaltools.gnu-tools-for-stm32.9-2020-q2-update.win32_1.5.0.202011040924/tools/bin/../lib/gcc/arm-none-eabi/9.3.1/thumb/v6-m/nofp/crtn.o
 .data          0x0000000000000000        0x0 d:/stm/stm32cubeide_1.6.1/stm32cubeide/plugins/com.st.stm32cube.ide.mcu.externaltools.gnu-tools-for-stm32.9-2020-q2-update.win32_1.5.0.202011040924/tools/bin/../lib/gcc/arm-none-eabi/9.3.1/thumb/v6-m/nofp/crtn.o
 .bss           0x0000000000000000        0x0 d:/stm/stm32cubeide_1.6.1/stm32cubeide/plugins/com.st.stm32cube.ide.mcu.externaltools.gnu-tools-for-stm32.9-2020-q2-update.win32_1.5.0.202011040924/tools/bin/../lib/gcc/arm-none-eabi/9.3.1/thumb/v6-m/nofp/crtn.o

Memory Configuration

Name             Origin             Length             Attributes
RAM              0x0000000020000000 0x0000000000009000 xrw
FLASH            0x0000000008000000 0x0000000000020000 xr
*default*        0x0000000000000000 0xffffffffffffffff

Linker script and memory map

LOAD d:/stm/stm32cubeide_1.6.1/stm32cubeide/plugins/com.st.stm32cube.ide.mcu.externaltools.gnu-tools-for-stm32.9-2020-q2-update.win32_1.5.0.202011040924/tools/bin/../lib/gcc/arm-none-eabi/9.3.1/thumb/v6-m/nofp/crti.o
LOAD d:/stm/stm32cubeide_1.6.1/stm32cubeide/plugins/com.st.stm32cube.ide.mcu.externaltools.gnu-tools-for-stm32.9-2020-q2-update.win32_1.5.0.202011040924/tools/bin/../lib/gcc/arm-none-eabi/9.3.1/thumb/v6-m/nofp/crtbegin.o
LOAD d:/stm/stm32cubeide_1.6.1/stm32cubeide/plugins/com.st.stm32cube.ide.mcu.externaltools.gnu-tools-for-stm32.9-2020-q2-update.win32_1.5.0.202011040924/tools/bin/../lib/gcc/arm-none-eabi/9.3.1/../../../../arm-none-eabi/lib/thumb/v6-m/nofp/crt0.o
LOAD Inc/Init.o
LOAD Inc/implementation.o
LOAD Inc/nrf24l01p_impi.o
LOAD Src/main.o
LOAD Src/syscalls.o
LOAD Src/sysmem.o
LOAD Startup/startup_stm32g071cbux.o
START GROUP
LOAD d:/stm/stm32cubeide_1.6.1/stm32cubeide/plugins/com.st.stm32cube.ide.mcu.externaltools.gnu-tools-for-stm32.9-2020-q2-update.win32_1.5.0.202011040924/tools/bin/../lib/gcc/arm-none-eabi/9.3.1/../../../../arm-none-eabi/lib/thumb/v6-m/nofp\libc_nano.a
LOAD d:/stm/stm32cubeide_1.6.1/stm32cubeide/plugins/com.st.stm32cube.ide.mcu.externaltools.gnu-tools-for-stm32.9-2020-q2-update.win32_1.5.0.202011040924/tools/bin/../lib/gcc/arm-none-eabi/9.3.1/../../../../arm-none-eabi/lib/thumb/v6-m/nofp\libm.a
END GROUP
START GROUP
LOAD d:/stm/stm32cubeide_1.6.1/stm32cubeide/plugins/com.st.stm32cube.ide.mcu.externaltools.gnu-tools-for-stm32.9-2020-q2-update.win32_1.5.0.202011040924/tools/bin/../lib/gcc/arm-none-eabi/9.3.1/thumb/v6-m/nofp\libgcc.a
LOAD d:/stm/stm32cubeide_1.6.1/stm32cubeide/plugins/com.st.stm32cube.ide.mcu.externaltools.gnu-tools-for-stm32.9-2020-q2-update.win32_1.5.0.202011040924/tools/bin/../lib/gcc/arm-none-eabi/9.3.1/../../../../arm-none-eabi/lib/thumb/v6-m/nofp\libc_nano.a
END GROUP
START GROUP
LOAD d:/stm/stm32cubeide_1.6.1/stm32cubeide/plugins/com.st.stm32cube.ide.mcu.externaltools.gnu-tools-for-stm32.9-2020-q2-update.win32_1.5.0.202011040924/tools/bin/../lib/gcc/arm-none-eabi/9.3.1/thumb/v6-m/nofp\libgcc.a
LOAD d:/stm/stm32cubeide_1.6.1/stm32cubeide/plugins/com.st.stm32cube.ide.mcu.externaltools.gnu-tools-for-stm32.9-2020-q2-update.win32_1.5.0.202011040924/tools/bin/../lib/gcc/arm-none-eabi/9.3.1/../../../../arm-none-eabi/lib/thumb/v6-m/nofp\libc_nano.a
LOAD d:/stm/stm32cubeide_1.6.1/stm32cubeide/plugins/com.st.stm32cube.ide.mcu.externaltools.gnu-tools-for-stm32.9-2020-q2-update.win32_1.5.0.202011040924/tools/bin/../lib/gcc/arm-none-eabi/9.3.1/../../../../arm-none-eabi/lib/thumb/v6-m/nofp\libnosys.a
END GROUP
START GROUP
LOAD d:/stm/stm32cubeide_1.6.1/stm32cubeide/plugins/com.st.stm32cube.ide.mcu.externaltools.gnu-tools-for-stm32.9-2020-q2-update.win32_1.5.0.202011040924/tools/bin/../lib/gcc/arm-none-eabi/9.3.1/thumb/v6-m/nofp\libgcc.a
LOAD d:/stm/stm32cubeide_1.6.1/stm32cubeide/plugins/com.st.stm32cube.ide.mcu.externaltools.gnu-tools-for-stm32.9-2020-q2-update.win32_1.5.0.202011040924/tools/bin/../lib/gcc/arm-none-eabi/9.3.1/../../../../arm-none-eabi/lib/thumb/v6-m/nofp\libc_nano.a
LOAD d:/stm/stm32cubeide_1.6.1/stm32cubeide/plugins/com.st.stm32cube.ide.mcu.externaltools.gnu-tools-for-stm32.9-2020-q2-update.win32_1.5.0.202011040924/tools/bin/../lib/gcc/arm-none-eabi/9.3.1/../../../../arm-none-eabi/lib/thumb/v6-m/nofp\libnosys.a
END GROUP
LOAD d:/stm/stm32cubeide_1.6.1/stm32cubeide/plugins/com.st.stm32cube.ide.mcu.externaltools.gnu-tools-for-stm32.9-2020-q2-update.win32_1.5.0.202011040924/tools/bin/../lib/gcc/arm-none-eabi/9.3.1/thumb/v6-m/nofp/crtend.o
LOAD d:/stm/stm32cubeide_1.6.1/stm32cubeide/plugins/com.st.stm32cube.ide.mcu.externaltools.gnu-tools-for-stm32.9-2020-q2-update.win32_1.5.0.202011040924/tools/bin/../lib/gcc/arm-none-eabi/9.3.1/thumb/v6-m/nofp/crtn.o
                0x0000000020009000                _estack = (ORIGIN (RAM) + LENGTH (RAM))
                0x0000000000000200                _Min_Heap_Size = 0x200
                0x0000000000000400                _Min_Stack_Size = 0x400

.isr_vector     0x0000000008000000       0xbc
                0x0000000008000000                . = ALIGN (0x4)
 *(.isr_vector)
 .isr_vector    0x0000000008000000       0xbc Startup/startup_stm32g071cbux.o
                0x0000000008000000                g_pfnVectors
                0x00000000080000bc                . = ALIGN (0x4)

.text           0x00000000080000bc      0xd70
                0x00000000080000bc                . = ALIGN (0x4)
 *(.text)
 .text          0x00000000080000bc       0x48 d:/stm/stm32cubeide_1.6.1/stm32cubeide/plugins/com.st.stm32cube.ide.mcu.externaltools.gnu-tools-for-stm32.9-2020-q2-update.win32_1.5.0.202011040924/tools/bin/../lib/gcc/arm-none-eabi/9.3.1/thumb/v6-m/nofp/crtbegin.o
 *(.text*)
 .text.__NVIC_EnableIRQ
                0x0000000008000104       0x34 Inc/Init.o
 .text.device_init
                0x0000000008000138       0x2c Inc/Init.o
                0x0000000008000138                device_init
 .text.spi1_init
                0x0000000008000164       0xbc Inc/Init.o
                0x0000000008000164                spi1_init
 .text.led_init
                0x0000000008000220       0x38 Inc/Init.o
                0x0000000008000220                led_init
 .text.drv_init
                0x0000000008000258       0x48 Inc/Init.o
                0x0000000008000258                drv_init
 .text.timer1_init
                0x00000000080002a0       0xf0 Inc/Init.o
                0x00000000080002a0                timer1_init
 .text.timer2_init
                0x0000000008000390       0x58 Inc/Init.o
                0x0000000008000390                timer2_init
 .text.delay    0x00000000080003e8       0x26 Inc/implementation.o
 *fill*         0x000000000800040e        0x2 
 .text.spi1_write_function
                0x0000000008000410       0x48 Inc/implementation.o
                0x0000000008000410                spi1_write_function
 .text.ce_high_function
                0x0000000008000458       0x1c Inc/implementation.o
                0x0000000008000458                ce_high_function
 .text.ce_low_function
                0x0000000008000474       0x1c Inc/implementation.o
                0x0000000008000474                ce_low_function
 .text.csn_high_function
                0x0000000008000490       0x1c Inc/implementation.o
                0x0000000008000490                csn_high_function
 .text.csn_low_function
                0x00000000080004ac       0x1c Inc/implementation.o
                0x00000000080004ac                csn_low_function
 .text.encode_buttons
                0x00000000080004c8       0x8c Inc/implementation.o
                0x00000000080004c8                encode_buttons
 .text.encode_joystick
                0x0000000008000554      0x23c Inc/implementation.o
                0x0000000008000554                encode_joystick
 .text.reset_joystick
                0x0000000008000790       0x28 Inc/implementation.o
                0x0000000008000790                reset_joystick
 .text.reset_buttons
                0x00000000080007b8       0x1c Inc/implementation.o
                0x00000000080007b8                reset_buttons
 .text.nrf24_basic_init
                0x00000000080007d4      0x198 Inc/nrf24l01p_impi.o
                0x00000000080007d4                nrf24_basic_init
 .text.nrf24_check_if_alive
                0x000000000800096c       0x3c Inc/nrf24l01p_impi.o
                0x000000000800096c                nrf24_check_if_alive
 .text.nrf24_check_declarations
                0x00000000080009a8       0x4e Inc/nrf24l01p_impi.o
                0x00000000080009a8                nrf24_check_declarations
 .text.nrf24_rx_mode
                0x00000000080009f6       0xb2 Inc/nrf24l01p_impi.o
                0x00000000080009f6                nrf24_rx_mode
 .text.nrf24_enable_pipe1
                0x0000000008000aa8       0xb2 Inc/nrf24l01p_impi.o
                0x0000000008000aa8                nrf24_enable_pipe1
 .text.nrf24_is_new_data_availiable
                0x0000000008000b5a       0x64 Inc/nrf24l01p_impi.o
                0x0000000008000b5a                nrf24_is_new_data_availiable
 .text.nrf24_read_message
                0x0000000008000bbe       0xc8 Inc/nrf24l01p_impi.o
                0x0000000008000bbe                nrf24_read_message
 *fill*         0x0000000008000c86        0x2 
 .text.main     0x0000000008000c88       0xac Src/main.o
                0x0000000008000c88                main
 .text.TIM2_IRQHandler
                0x0000000008000d34       0x44 Src/main.o
                0x0000000008000d34                TIM2_IRQHandler
 .text.Reset_Handler
                0x0000000008000d78       0x50 Startup/startup_stm32g071cbux.o
                0x0000000008000d78                Reset_Handler
 .text.Default_Handler
                0x0000000008000dc8        0x2 Startup/startup_stm32g071cbux.o
                0x0000000008000dc8                TIM1_CC_IRQHandler
                0x0000000008000dc8                HardFault_Handler
                0x0000000008000dc8                SysTick_Handler
                0x0000000008000dc8                RTC_STAMP_IRQHandler
                0x0000000008000dc8                PVD_IRQHandler
                0x0000000008000dc8                PendSV_Handler
                0x0000000008000dc8                NMI_Handler
                0x0000000008000dc8                I2C1_IRQHandler
                0x0000000008000dc8                TIM7_LPTIM2_IRQHandler
                0x0000000008000dc8                UCPD1_UCPD2_IRQHandler
                0x0000000008000dc8                SPI1_IRQHandler
                0x0000000008000dc8                TIM1_BRK_UP_TRG_COMP_IRQHandler
                0x0000000008000dc8                DMA_Channel1_IRQHandler
                0x0000000008000dc8                EXTI2_3_IRQHandler
                0x0000000008000dc8                I2C2_IRQHandler
                0x0000000008000dc8                TIM17_IRQHandler
                0x0000000008000dc8                DMA_Channel4_5_6_7_IRQHandler
                0x0000000008000dc8                TIM16_IRQHandler
                0x0000000008000dc8                TIM3_IRQHandler
                0x0000000008000dc8                EXTI4_15_IRQHandler
                0x0000000008000dc8                RCC_IRQHandler
                0x0000000008000dc8                Default_Handler
                0x0000000008000dc8                CEC_IRQHandler
                0x0000000008000dc8                TIM14_IRQHandler
                0x0000000008000dc8                TIM15_IRQHandler
                0x0000000008000dc8                EXTI0_1_IRQHandler
                0x0000000008000dc8                SPI2_IRQHandler
                0x0000000008000dc8                SVC_Handler
                0x0000000008000dc8                TIM6_DAC_LPTIM1_IRQHandler
                0x0000000008000dc8                WWDG_IRQHandler
                0x0000000008000dc8                ADC_COMP_IRQHandler
                0x0000000008000dc8                USART2_IRQHandler
                0x0000000008000dc8                DMA_Channel2_3_IRQHandler
                0x0000000008000dc8                FLASH_IRQHandler
                0x0000000008000dc8                USART1_IRQHandler
                0x0000000008000dc8                USART3_USART4_LPUART1_IRQHandler
 *fill*         0x0000000008000dca        0x2 
 .text.__libc_init_array
                0x0000000008000dcc       0x48 d:/stm/stm32cubeide_1.6.1/stm32cubeide/plugins/com.st.stm32cube.ide.mcu.externaltools.gnu-tools-for-stm32.9-2020-q2-update.win32_1.5.0.202011040924/tools/bin/../lib/gcc/arm-none-eabi/9.3.1/../../../../arm-none-eabi/lib/thumb/v6-m/nofp\libc_nano.a(lib_a-init.o)
                0x0000000008000dcc                __libc_init_array
 *(.glue_7)
 .glue_7        0x0000000008000e14        0x0 linker stubs
 *(.glue_7t)
 .glue_7t       0x0000000008000e14        0x0 linker stubs
 *(.eh_frame)
 .eh_frame      0x0000000008000e14        0x0 d:/stm/stm32cubeide_1.6.1/stm32cubeide/plugins/com.st.stm32cube.ide.mcu.externaltools.gnu-tools-for-stm32.9-2020-q2-update.win32_1.5.0.202011040924/tools/bin/../lib/gcc/arm-none-eabi/9.3.1/thumb/v6-m/nofp/crtbegin.o
 *(.init)
 .init          0x0000000008000e14        0x4 d:/stm/stm32cubeide_1.6.1/stm32cubeide/plugins/com.st.stm32cube.ide.mcu.externaltools.gnu-tools-for-stm32.9-2020-q2-update.win32_1.5.0.202011040924/tools/bin/../lib/gcc/arm-none-eabi/9.3.1/thumb/v6-m/nofp/crti.o
                0x0000000008000e14                _init
 .init          0x0000000008000e18        0x8 d:/stm/stm32cubeide_1.6.1/stm32cubeide/plugins/com.st.stm32cube.ide.mcu.externaltools.gnu-tools-for-stm32.9-2020-q2-update.win32_1.5.0.202011040924/tools/bin/../lib/gcc/arm-none-eabi/9.3.1/thumb/v6-m/nofp/crtn.o
 *(.fini)
 .fini          0x0000000008000e20        0x4 d:/stm/stm32cubeide_1.6.1/stm32cubeide/plugins/com.st.stm32cube.ide.mcu.externaltools.gnu-tools-for-stm32.9-2020-q2-update.win32_1.5.0.202011040924/tools/bin/../lib/gcc/arm-none-eabi/9.3.1/thumb/v6-m/nofp/crti.o
                0x0000000008000e20                _fini
 .fini          0x0000000008000e24        0x8 d:/stm/stm32cubeide_1.6.1/stm32cubeide/plugins/com.st.stm32cube.ide.mcu.externaltools.gnu-tools-for-stm32.9-2020-q2-update.win32_1.5.0.202011040924/tools/bin/../lib/gcc/arm-none-eabi/9.3.1/thumb/v6-m/nofp/crtn.o
                0x0000000008000e2c                . = ALIGN (0x4)
                0x0000000008000e2c                _etext = .

.vfp11_veneer   0x0000000008000e2c        0x0
 .vfp11_veneer  0x0000000008000e2c        0x0 linker stubs

.v4_bx          0x0000000008000e2c        0x0
 .v4_bx         0x0000000008000e2c        0x0 linker stubs

.iplt           0x0000000008000e2c        0x0
 .iplt          0x0000000008000e2c        0x0 d:/stm/stm32cubeide_1.6.1/stm32cubeide/plugins/com.st.stm32cube.ide.mcu.externaltools.gnu-tools-for-stm32.9-2020-q2-update.win32_1.5.0.202011040924/tools/bin/../lib/gcc/arm-none-eabi/9.3.1/thumb/v6-m/nofp/crtbegin.o

.rel.dyn        0x0000000008000e2c        0x0
 .rel.iplt      0x0000000008000e2c        0x0 d:/stm/stm32cubeide_1.6.1/stm32cubeide/plugins/com.st.stm32cube.ide.mcu.externaltools.gnu-tools-for-stm32.9-2020-q2-update.win32_1.5.0.202011040924/tools/bin/../lib/gcc/arm-none-eabi/9.3.1/thumb/v6-m/nofp/crtbegin.o

.rodata         0x0000000008000e2c        0x0
                0x0000000008000e2c                . = ALIGN (0x4)
 *(.rodata)
 *(.rodata*)
                0x0000000008000e2c                . = ALIGN (0x4)

.ARM.extab      0x0000000008000e2c        0x0
                0x0000000008000e2c                . = ALIGN (0x4)
 *(.ARM.extab* .gnu.linkonce.armextab.*)
                0x0000000008000e2c                . = ALIGN (0x4)

.ARM            0x0000000008000e2c        0x0
                0x0000000008000e2c                . = ALIGN (0x4)
                0x0000000008000e2c                __exidx_start = .
 *(.ARM.exidx*)
                0x0000000008000e2c                __exidx_end = .
                0x0000000008000e2c                . = ALIGN (0x4)

.preinit_array  0x0000000008000e2c        0x0
                0x0000000008000e2c                . = ALIGN (0x4)
                0x0000000008000e2c                PROVIDE (__preinit_array_start = .)
 *(.preinit_array*)
                0x0000000008000e2c                PROVIDE (__preinit_array_end = .)
                0x0000000008000e2c                . = ALIGN (0x4)

.init_array     0x0000000008000e2c        0x4
                0x0000000008000e2c                . = ALIGN (0x4)
                0x0000000008000e2c                PROVIDE (__init_array_start = .)
 *(SORT_BY_NAME(.init_array.*))
 *(.init_array*)
 .init_array    0x0000000008000e2c        0x4 d:/stm/stm32cubeide_1.6.1/stm32cubeide/plugins/com.st.stm32cube.ide.mcu.externaltools.gnu-tools-for-stm32.9-2020-q2-update.win32_1.5.0.202011040924/tools/bin/../lib/gcc/arm-none-eabi/9.3.1/thumb/v6-m/nofp/crtbegin.o
                0x0000000008000e30                PROVIDE (__init_array_end = .)
                0x0000000008000e30                . = ALIGN (0x4)

.fini_array     0x0000000008000e30        0x4
                0x0000000008000e30                . = ALIGN (0x4)
                [!provide]                        PROVIDE (__fini_array_start = .)
 *(SORT_BY_NAME(.fini_array.*))
 *(.fini_array*)
 .fini_array    0x0000000008000e30        0x4 d:/stm/stm32cubeide_1.6.1/stm32cubeide/plugins/com.st.stm32cube.ide.mcu.externaltools.gnu-tools-for-stm32.9-2020-q2-update.win32_1.5.0.202011040924/tools/bin/../lib/gcc/arm-none-eabi/9.3.1/thumb/v6-m/nofp/crtbegin.o
                [!provide]                        PROVIDE (__fini_array_end = .)
                0x0000000008000e34                . = ALIGN (0x4)
                0x0000000008000e34                _sidata = LOADADDR (.data)

.data           0x0000000020000000       0x2c load address 0x0000000008000e34
                0x0000000020000000                . = ALIGN (0x4)
                0x0000000020000000                _sdata = .
 *(.data)
 *(.data*)
 .data.controller_nrf24
                0x0000000020000000       0x24 Src/main.o
                0x0000000020000000                controller_nrf24
 .data.pipe1_rx_address
                0x0000000020000024        0x5 Src/main.o
                0x0000000020000024                pipe1_rx_address
 *(.RamFunc)
 *(.RamFunc*)
                0x000000002000002c                . = ALIGN (0x4)
 *fill*         0x0000000020000029        0x3 
                0x000000002000002c                _edata = .

.igot.plt       0x000000002000002c        0x0 load address 0x0000000008000e60
 .igot.plt      0x000000002000002c        0x0 d:/stm/stm32cubeide_1.6.1/stm32cubeide/plugins/com.st.stm32cube.ide.mcu.externaltools.gnu-tools-for-stm32.9-2020-q2-update.win32_1.5.0.202011040924/tools/bin/../lib/gcc/arm-none-eabi/9.3.1/thumb/v6-m/nofp/crtbegin.o
                0x000000002000002c                . = ALIGN (0x4)

.bss            0x000000002000002c       0x24 load address 0x0000000008000e60
                0x000000002000002c                _sbss = .
                0x000000002000002c                __bss_start__ = _sbss
 *(.bss)
 .bss           0x000000002000002c       0x1c d:/stm/stm32cubeide_1.6.1/stm32cubeide/plugins/com.st.stm32cube.ide.mcu.externaltools.gnu-tools-for-stm32.9-2020-q2-update.win32_1.5.0.202011040924/tools/bin/../lib/gcc/arm-none-eabi/9.3.1/thumb/v6-m/nofp/crtbegin.o
 *(.bss*)
 .bss.radio_controller_message
                0x0000000020000048        0x6 Src/main.o
                0x0000000020000048                radio_controller_message
 .bss.device_connection
                0x000000002000004e        0x2 Src/main.o
                0x000000002000004e                device_connection
 *(COMMON)
                0x0000000020000050                . = ALIGN (0x4)
                0x0000000020000050                _ebss = .
                0x0000000020000050                __bss_end__ = _ebss

._user_heap_stack
                0x0000000020000050      0x600 load address 0x0000000008000e60
                0x0000000020000050                . = ALIGN (0x8)
                [!provide]                        PROVIDE (end = .)
                0x0000000020000050                PROVIDE (_end = .)
                0x0000000020000250                . = (. + _Min_Heap_Size)
 *fill*         0x0000000020000050      0x200 
                0x0000000020000650                . = (. + _Min_Stack_Size)
 *fill*         0x0000000020000250      0x400 
                0x0000000020000650                . = ALIGN (0x8)

/DISCARD/
 libc.a(*)
 libm.a(*)
 libgcc.a(*)

.ARM.attributes
                0x0000000000000000       0x28
 *(.ARM.attributes)
 .ARM.attributes
                0x0000000000000000       0x1e d:/stm/stm32cubeide_1.6.1/stm32cubeide/plugins/com.st.stm32cube.ide.mcu.externaltools.gnu-tools-for-stm32.9-2020-q2-update.win32_1.5.0.202011040924/tools/bin/../lib/gcc/arm-none-eabi/9.3.1/thumb/v6-m/nofp/crti.o
 .ARM.attributes
                0x000000000000001e       0x2c d:/stm/stm32cubeide_1.6.1/stm32cubeide/plugins/com.st.stm32cube.ide.mcu.externaltools.gnu-tools-for-stm32.9-2020-q2-update.win32_1.5.0.202011040924/tools/bin/../lib/gcc/arm-none-eabi/9.3.1/thumb/v6-m/nofp/crtbegin.o
 .ARM.attributes
                0x000000000000004a       0x2c Inc/Init.o
 .ARM.attributes
                0x0000000000000076       0x2c Inc/implementation.o
 .ARM.attributes
                0x00000000000000a2       0x2c Inc/nrf24l01p_impi.o
 .ARM.attributes
                0x00000000000000ce       0x2c Src/main.o
 .ARM.attributes
                0x00000000000000fa       0x22 Startup/startup_stm32g071cbux.o
 .ARM.attributes
                0x000000000000011c       0x2c d:/stm/stm32cubeide_1.6.1/stm32cubeide/plugins/com.st.stm32cube.ide.mcu.externaltools.gnu-tools-for-stm32.9-2020-q2-update.win32_1.5.0.202011040924/tools/bin/../lib/gcc/arm-none-eabi/9.3.1/../../../../arm-none-eabi/lib/thumb/v6-m/nofp\libc_nano.a(lib_a-init.o)
 .ARM.attributes
                0x0000000000000148       0x1e d:/stm/stm32cubeide_1.6.1/stm32cubeide/plugins/com.st.stm32cube.ide.mcu.externaltools.gnu-tools-for-stm32.9-2020-q2-update.win32_1.5.0.202011040924/tools/bin/../lib/gcc/arm-none-eabi/9.3.1/thumb/v6-m/nofp/crtn.o
OUTPUT(g071cb.elf elf32-littlearm)
LOAD linker stubs
LOAD d:/stm/stm32cubeide_1.6.1/stm32cubeide/plugins/com.st.stm32cube.ide.mcu.externaltools.gnu-tools-for-stm32.9-2020-q2-update.win32_1.5.0.202011040924/tools/bin/../lib/gcc/arm-none-eabi/9.3.1/../../../../arm-none-eabi/lib/thumb/v6-m/nofp\libc.a
LOAD d:/stm/stm32cubeide_1.6.1/stm32cubeide/plugins/com.st.stm32cube.ide.mcu.externaltools.gnu-tools-for-stm32.9-2020-q2-update.win32_1.5.0.202011040924/tools/bin/../lib/gcc/arm-none-eabi/9.3.1/../../../../arm-none-eabi/lib/thumb/v6-m/nofp\libm.a
LOAD d:/stm/stm32cubeide_1.6.1/stm32cubeide/plugins/com.st.stm32cube.ide.mcu.externaltools.gnu-tools-for-stm32.9-2020-q2-update.win32_1.5.0.202011040924/tools/bin/../lib/gcc/arm-none-eabi/9.3.1/thumb/v6-m/nofp\libgcc.a

.debug_info     0x0000000000000000     0x1bf0
 .debug_info    0x0000000000000000      0x910 Inc/Init.o
 .debug_info    0x0000000000000910      0x576 Inc/implementation.o
 .debug_info    0x0000000000000e86      0x81e Inc/nrf24l01p_impi.o
 .debug_info    0x00000000000016a4      0x52a Src/main.o
 .debug_info    0x0000000000001bce       0x22 Startup/startup_stm32g071cbux.o

.debug_abbrev   0x0000000000000000      0x687
 .debug_abbrev  0x0000000000000000      0x1e2 Inc/Init.o
 .debug_abbrev  0x00000000000001e2      0x18d Inc/implementation.o
 .debug_abbrev  0x000000000000036f      0x1ae Inc/nrf24l01p_impi.o
 .debug_abbrev  0x000000000000051d      0x158 Src/main.o
 .debug_abbrev  0x0000000000000675       0x12 Startup/startup_stm32g071cbux.o

.debug_aranges  0x0000000000000000      0x190
 .debug_aranges
                0x0000000000000000       0x50 Inc/Init.o
 .debug_aranges
                0x0000000000000050       0x68 Inc/implementation.o
 .debug_aranges
                0x00000000000000b8       0x88 Inc/nrf24l01p_impi.o
 .debug_aranges
                0x0000000000000140       0x28 Src/main.o
 .debug_aranges
                0x0000000000000168       0x28 Startup/startup_stm32g071cbux.o

.debug_ranges   0x0000000000000000      0x148
 .debug_ranges  0x0000000000000000       0x40 Inc/Init.o
 .debug_ranges  0x0000000000000040       0x58 Inc/implementation.o
 .debug_ranges  0x0000000000000098       0x78 Inc/nrf24l01p_impi.o
 .debug_ranges  0x0000000000000110       0x18 Src/main.o
 .debug_ranges  0x0000000000000128       0x20 Startup/startup_stm32g071cbux.o

.debug_macro    0x0000000000000000     0xdfe9
 .debug_macro   0x0000000000000000       0xe5 Inc/Init.o
 .debug_macro   0x00000000000000e5      0xa84 Inc/Init.o
 .debug_macro   0x0000000000000b69       0x22 Inc/Init.o
 .debug_macro   0x0000000000000b8b       0x8e Inc/Init.o
 .debug_macro   0x0000000000000c19       0x51 Inc/Init.o
 .debug_macro   0x0000000000000c6a      0x103 Inc/Init.o
 .debug_macro   0x0000000000000d6d       0x6a Inc/Init.o
 .debug_macro   0x0000000000000dd7      0x1df Inc/Init.o
 .debug_macro   0x0000000000000fb6       0x28 Inc/Init.o
 .debug_macro   0x0000000000000fde       0x1c Inc/Init.o
 .debug_macro   0x0000000000000ffa       0x22 Inc/Init.o
 .debug_macro   0x000000000000101c       0xd7 Inc/Init.o
 .debug_macro   0x00000000000010f3      0x4da Inc/Init.o
 .debug_macro   0x00000000000015cd      0x11f Inc/Init.o
 .debug_macro   0x00000000000016ec     0xc4f2 Inc/Init.o
 .debug_macro   0x000000000000dbde      0x130 Inc/Init.o
 .debug_macro   0x000000000000dd0e       0x58 Inc/Init.o
 .debug_macro   0x000000000000dd66       0xbf Inc/implementation.o
 .debug_macro   0x000000000000de25       0xdb Inc/nrf24l01p_impi.o
 .debug_macro   0x000000000000df00       0xe9 Src/main.o

.debug_line     0x0000000000000000     0x1de2
 .debug_line    0x0000000000000000      0x5a4 Inc/Init.o
 .debug_line    0x00000000000005a4      0x6e7 Inc/implementation.o
 .debug_line    0x0000000000000c8b      0xbec Inc/nrf24l01p_impi.o
 .debug_line    0x0000000000001877      0x4e7 Src/main.o
 .debug_line    0x0000000000001d5e       0x84 Startup/startup_stm32g071cbux.o

.debug_str      0x0000000000000000    0x4f340
 .debug_str     0x0000000000000000    0x4eced Inc/Init.o
                                      0x4eeba (size before relaxing)
 .debug_str     0x000000000004eced      0x14d Inc/implementation.o
                                      0x4e43a (size before relaxing)
 .debug_str     0x000000000004ee3a      0x459 Inc/nrf24l01p_impi.o
                                      0x4ef0e (size before relaxing)
 .debug_str     0x000000000004f293       0x7c Src/main.o
                                      0x4ebbb (size before relaxing)
 .debug_str     0x000000000004f30f       0x31 Startup/startup_stm32g071cbux.o
                                         0x45 (size before relaxing)

.comment        0x0000000000000000       0x53
 .comment       0x0000000000000000       0x53 Inc/Init.o
                                         0x54 (size before relaxing)
 .comment       0x0000000000000053       0x54 Inc/implementation.o
 .comment       0x0000000000000053       0x54 Inc/nrf24l01p_impi.o
 .comment       0x0000000000000053       0x54 Src/main.o

.debug_frame    0x0000000000000000      0x478
 .debug_frame   0x0000000000000000       0xdc Inc/Init.o
 .debug_frame   0x00000000000000dc      0x13c Inc/implementation.o
 .debug_frame   0x0000000000000218      0x1e8 Inc/nrf24l01p_impi.o
 .debug_frame   0x0000000000000400       0x4c Src/main.o
 .debug_frame   0x000000000000044c       0x2c d:/stm/stm32cubeide_1.6.1/stm32cubeide/plugins/com.st.stm32cube.ide.mcu.externaltools.gnu-tools-for-stm32.9-2020-q2-update.win32_1.5.0.202011040924/tools/bin/../lib/gcc/arm-none-eabi/9.3.1/../../../../arm-none-eabi/lib/thumb/v6-m/nofp\libc_nano.a(lib_a-init.o)
